2025-11-19 13:04:52.8645 INFO loggerendpoint RequestUri: http://localhost:64584/api/v1/confirmar-venta JsonEntrada: {"id_punto_venta":1, 
"id_punto_venta_registro":1, 
"nu_boleto_venta":1, 
"va_monto_total":50.0, 
"nu_operacion":"TS251119004536250835VSVF", 
"co_tipo_tarjeta":"VIS", 
"id_programacion_ida":930403, 
"id_programacion_retorno":nil, 
"nu_pedido_safety":"KP251119317789", 
"nu_referencia_safety":"KP251119317789", 
"id_pagador":"F59739022", 
"id_destino":19, 
"id_ciudad_destino":2, 
"id_ciudad_origen":3, 
"nu_ruc":"", 
"no_razon_social":"", 
"de_direccion":"", 
"id_usuario":2879, 
"id_tipo_documento":3, 
"nu_documento":"F59739022", 
"am_pasajero":"Utrilla", 
"ap_pasajero":"Utrilla", 
"no_pasajero":"Marco"}
 
2025-11-19 13:04:52.9070 INFO loggerendpoint {"id_punto_venta":1, 
"id_punto_venta_registro":1, 
"nu_boleto_venta":1, 
"va_monto_total":50.0, 
"nu_operacion":"TS251119004536250835VSVF", 
"co_tipo_tarjeta":"VIS", 
"id_programacion_ida":930403, 
"id_programacion_retorno":nil, 
"nu_pedido_safety":"KP251119317789", 
"nu_referencia_safety":"KP251119317789", 
"id_pagador":"F59739022", 
"id_destino":19, 
"id_ciudad_destino":2, 
"id_ciudad_origen":3, 
"nu_ruc":"", 
"no_razon_social":"", 
"de_direccion":"", 
"id_usuario":2879, 
"id_tipo_documento":3, 
"nu_documento":"F59739022", 
"am_pasajero":"Utrilla", 
"ap_pasajero":"Utrilla", 
"no_pasajero":"Marco"}
 
2025-11-19 13:04:53.0230 ERROR loggerendpoint {"Codigoresultado":-1,"Resultado":"Body Json Incorrecto","Data":null} 
2025-11-19 13:05:05.9494 INFO loggerendpoint RequestUri: http://localhost:64584/api/v1/confirmar-venta JsonEntrada: {"id_punto_venta":1, 
"id_punto_venta_registro":1, 
"nu_boleto_venta":1, 
"va_monto_total":50.0, 
"nu_operacion":"TS251119004536250835VSVF", 
"co_tipo_tarjeta":"VIS", 
"id_programacion_ida":930403, 
"id_programacion_retorno":null, 
"nu_pedido_safety":"KP251119317789", 
"nu_referencia_safety":"KP251119317789", 
"id_pagador":"F59739022", 
"id_destino":19, 
"id_ciudad_destino":2, 
"id_ciudad_origen":3, 
"nu_ruc":"", 
"no_razon_social":"", 
"de_direccion":"", 
"id_usuario":2879, 
"id_tipo_documento":3, 
"nu_documento":"F59739022", 
"am_pasajero":"Utrilla", 
"ap_pasajero":"Utrilla", 
"no_pasajero":"Marco"}
 
2025-11-19 13:05:05.9494 INFO loggerendpoint {"id_punto_venta":1, 
"id_punto_venta_registro":1, 
"nu_boleto_venta":1, 
"va_monto_total":50.0, 
"nu_operacion":"TS251119004536250835VSVF", 
"co_tipo_tarjeta":"VIS", 
"id_programacion_ida":930403, 
"id_programacion_retorno":null, 
"nu_pedido_safety":"KP251119317789", 
"nu_referencia_safety":"KP251119317789", 
"id_pagador":"F59739022", 
"id_destino":19, 
"id_ciudad_destino":2, 
"id_ciudad_origen":3, 
"nu_ruc":"", 
"no_razon_social":"", 
"de_direccion":"", 
"id_usuario":2879, 
"id_tipo_documento":3, 
"nu_documento":"F59739022", 
"am_pasajero":"Utrilla", 
"ap_pasajero":"Utrilla", 
"no_pasajero":"Marco"}
 
2025-11-19 13:05:06.0053 ERROR loggerendpoint {"Codigoresultado":-1,"Resultado":"ERR","Data":"\"Could not convert string to integer: F59739022. Path 'id_pagador', line 11, position 24.\""} 
2025-11-19 13:05:56.0160 INFO loggerendpoint RequestUri: http://localhost:64584/api/v1/confirmar-venta JsonEntrada: {"id_punto_venta":1, 
"id_punto_venta_registro":1, 
"nu_boleto_venta":1, 
"va_monto_total":50.0, 
"nu_operacion":"TS251119004536250835VSVF", 
"co_tipo_tarjeta":"VIS", 
"id_programacion_ida":930403, 
"id_programacion_retorno":null, 
"nu_pedido_safety":"KP251119317789", 
"nu_referencia_safety":"KP251119317789", 
"id_pagador":"F59739022", 
"id_destino":19, 
"id_ciudad_destino":2, 
"id_ciudad_origen":3, 
"nu_ruc":"", 
"no_razon_social":"", 
"de_direccion":"", 
"id_usuario":2879, 
"id_tipo_documento":3, 
"nu_documento":"F59739022", 
"am_pasajero":"Utrilla", 
"ap_pasajero":"Utrilla", 
"no_pasajero":"Marco"}
 
2025-11-19 13:05:56.7166 INFO loggerendpoint {"id_punto_venta":1, 
"id_punto_venta_registro":1, 
"nu_boleto_venta":1, 
"va_monto_total":50.0, 
"nu_operacion":"TS251119004536250835VSVF", 
"co_tipo_tarjeta":"VIS", 
"id_programacion_ida":930403, 
"id_programacion_retorno":null, 
"nu_pedido_safety":"KP251119317789", 
"nu_referencia_safety":"KP251119317789", 
"id_pagador":"F59739022", 
"id_destino":19, 
"id_ciudad_destino":2, 
"id_ciudad_origen":3, 
"nu_ruc":"", 
"no_razon_social":"", 
"de_direccion":"", 
"id_usuario":2879, 
"id_tipo_documento":3, 
"nu_documento":"F59739022", 
"am_pasajero":"Utrilla", 
"ap_pasajero":"Utrilla", 
"no_pasajero":"Marco"}
 
